Microchip MPLAB XC8 Compiler V2.10 ()

Linker command line:

-W-3 --edf=C:\Program Files (x86)\Microchip\xc8\v2.10\pic\dat\en_msgs.txt \
  -cs -h+dist/default/production\YourCoffe.X.production.sym \
  --cmf=dist/default/production\YourCoffe.X.production.cmf -z -Q18F4520 \
  -oC:\Users\Emano\AppData\Local\Temp\s8i8.2 --defsym=__MPLAB_BUILD=1 \
  -Mdist/default/production/YourCoffe.X.production.map -E1 -ver=XC8 \
  --acfsm=1493 -ASTACK=0132h-05FFh -pstack=STACK -ACODE=00h-07FFFh \
  -ACONST=00h-07FFFh -ASMALLCONST=0600h-06FFhx122 \
  -AMEDIUMCONST=0600h-07FFFh -ACOMRAM=01h-07Fh -AABS1=00h-05FFh \
  -ABIGRAM=01h-05FFh -ARAM=080h-0FFh,0100h-01FFhx5 -ABANK0=080h-0FFh \
  -ABANK1=0100h-01FFh -ABANK2=0200h-02FFh -ABANK3=0300h-03FFh \
  -ABANK4=0400h-04FFh -ABANK5=0500h-05FFh -ASFR=0F80h-0FFFh \
  -preset_vec=00h,intcode,intcodelo,powerup,init -pramtop=0600h \
  -psmallconst=SMALLCONST -pmediumconst=MEDIUMCONST -pconst=CONST \
  -AFARRAM=00h-00h -ACONFIG=0300000h-030000Dh -pconfig=CONFIG \
  -AIDLOC=0200000h-0200007h -pidloc=IDLOC -AEEDATA=0F00000h-0F000FFh \
  -peeprom_data=EEDATA \
  -prdata=COMRAM,nvrram=COMRAM,nvbit=COMRAM,rbss=COMRAM,rbit=COMRAM \
  -pfarbss=FARRAM,fardata=FARRAM,nvFARRAM=FARRAM \
  -pintsave_regs=BIGRAM,bigbss=BIGRAM,bigdata=BIGRAM -pbss=RAM \
  -pidata=CODE,irdata=CODE,ibigdata=CODE,ifardata=CODE -prparam=COMRAM \
  C:\Users\Emano\AppData\Local\Temp\s8i8.o \
  dist/default/production\YourCoffe.X.production.o 

Object code version is 3.11

Machine type is 18F4520

Call graph: (short form)




                Name                               Link     Load   Length Selector   Space Scale
C:\Users\Emano\AppData\Local\Temp\s8i8.o
                init                                  0        0        4        0       0
                idloc                            200000   200000        8   200000       0
                config                           300000   300000        E   300000       0
dist/default/production\YourCoffe.X.production.o
                mediumconst                        7E9A     7E9A      166     3F4D       0
                text18                             7A70     7A70      42A     3D38       0
                text17                             70D2     70D2      106     3869       0
                text16                             71D8     71D8      1B4     38EC       0
                text15                             6CB4     6CB4       64     365A       0
                text14                             6AAE     6AAE        8     3557       0
                text13                             6AF6     6AF6       2A     357B       0
                text12                             6BFC     6BFC       5C     35FE       0
                text11                             6B20     6B20       2A     3590       0
                text10                             6D18     6D18       78     368C       0
                text9                              738C     738C      1CA     39C6       0
                text8                              6F04     6F04       DC     3782       0
                text7                              6FE0     6FE0       F2     37F0       0
                text6                              6C58     6C58       5C     362C       0
                text5                              6B7C     6B7C       36     35BE       0
                text4                              6AD0     6AD0       26     3568       0
                text3                              6E40     6E40       C4     3720       0
                text2                              6D90     6D90       B0     36C8       0
                text1                              7556     7556      222     3AAB       0
                text0                              7778     7778      2F8     3BBC       0
                cstackCOMRAM                          1        1       35        1       1
                cstackBANK0                          80       80       78       80       1
                dataBANK1                           100      100       32      100       1
                dataCOMRAM                           36       36       1A        1       1
                cinit                              6BB2     6BB2       4A     35D9       0
                idataBANK1                         6B4A     6B4A       32     6B4A       0
                idataCOMRAM                        6AB6     6AB6       1A     6AB6       0

TOTAL           Name                               Link     Load   Length     Space
        CLASS   STACK          

        CLASS   CODE           
                init                                  0        0        4         0
                text18                             7A70     7A70      42A         0
                text17                             70D2     70D2      106         0
                text16                             71D8     71D8      1B4         0
                text15                             6CB4     6CB4       64         0
                text14                             6AAE     6AAE        8         0
                text13                             6AF6     6AF6       2A         0
                text12                             6BFC     6BFC       5C         0
                text11                             6B20     6B20       2A         0
                text10                             6D18     6D18       78         0
                text9                              738C     738C      1CA         0
                text8                              6F04     6F04       DC         0
                text7                              6FE0     6FE0       F2         0
                text6                              6C58     6C58       5C         0
                text5                              6B7C     6B7C       36         0
                text4                              6AD0     6AD0       26         0
                text3                              6E40     6E40       C4         0
                text2                              6D90     6D90       B0         0
                text1                              7556     7556      222         0
                text0                              7778     7778      2F8         0
                cinit                              6BB2     6BB2       4A         0
                idataBANK1                         6B4A     6B4A       32         0
                idataCOMRAM                        6AB6     6AB6       1A         0

        CLASS   CONST          

        CLASS   SMALLCONST     

        CLASS   MEDIUMCONST    
                mediumconst                        7E9A     7E9A      166         0

        CLASS   COMRAM         
                cstackCOMRAM                          1        1       35         1
                dataCOMRAM                           36       36       1A         1

        CLASS   ABS1           

        CLASS   BIGRAM         

        CLASS   RAM            

        CLASS   BANK0          
                cstackBANK0                          80       80       78         1

        CLASS   BANK1          
                dataBANK1                           100      100       32         1

        CLASS   BANK2          

        CLASS   BANK3          

        CLASS   BANK4          

        CLASS   BANK5          

        CLASS   SFR            

        CLASS   FARRAM         

        CLASS   CONFIG         
                config                           300000   300000        E         0

        CLASS   IDLOC          
                idloc                            200000   200000        8         0

        CLASS   EEDATA         



SEGMENTS        Name                           Load    Length   Top    Selector   Space  Class

                reset_vec                      000000  000004  000004         0       0  CODE    
                cstackCOMRAM                   000001  00004F  000050         1       1  COMRAM  
                cstackBANK0                    000080  000078  0000F8        80       1  BANK0   
                dataBANK1                      000100  000032  000132       100       1  BANK1   
                text14                         006AAE  000008  006AB6      3557       0  CODE    
                idataCOMRAM                    006AB6  00001A  006AD0      6AB6       0  CODE    
                text4                          006AD0  000026  006AF6      3568       0  CODE    
                text13                         006AF6  00002A  006B20      357B       0  CODE    
                text11                         006B20  00002A  006B4A      3590       0  CODE    
                idataBANK1                     006B4A  000032  006B7C      6B4A       0  CODE    
                text5                          006B7C  000036  006BB2      35BE       0  CODE    
                cinit                          006BB2  00004A  006BFC      35D9       0  CODE    
                text12                         006BFC  00005C  006C58      35FE       0  CODE    
                text6                          006C58  00005C  006CB4      362C       0  CODE    
                text15                         006CB4  000064  006D18      365A       0  CODE    
                text10                         006D18  000078  006D90      368C       0  CODE    
                text2                          006D90  0000B0  006E40      36C8       0  CODE    
                text3                          006E40  0000C4  006F04      3720       0  CODE    
                text8                          006F04  0000DC  006FE0      3782       0  CODE    
                text7                          006FE0  0000F2  0070D2      37F0       0  CODE    
                text17                         0070D2  000106  0071D8      3869       0  CODE    
                text16                         0071D8  0001B4  00738C      38EC       0  CODE    
                text9                          00738C  0001CA  007556      39C6       0  CODE    
                text1                          007556  000222  007778      3AAB       0  CODE    
                text0                          007778  0002F8  007A70      3BBC       0  CODE    
                text18                         007A70  00042A  007E9A      3D38       0  CODE    
                mediumconst                    007E9A  000166  008000      3F4D       0  MEDIUMCO
                idloc                          200000  000008  200008    200000       0  IDLOC   
                config                         300000  00000E  30000E    300000       0  CONFIG  


UNUSED ADDRESS RANGES

        Name                Unused          Largest block    Delta
        BANK0            0000F8-0000FF                8
        BANK1            000132-0001FF               CE
        BANK2            000200-0002FF              100
        BANK3            000300-0003FF              100
        BANK4            000400-0004FF              100
        BANK5            000500-0005FF              100
        BIGRAM           000050-00007F               30
                         0000F8-0000FF                8
                         000132-0005FF              4CE
        CODE             000004-006AAD             6AAA
        COMRAM           000050-00007F               30
        CONST            000004-006AAD             6AAA
        EEDATA           F00000-F000FF              100
        MEDIUMCONST      000600-006AAD             64AE
        RAM              0000F8-0000FF                8
                         000132-0005FF              100
        SFR              000F80-000FFF               80
        SMALLCONST       000600-006AAD              100
        STACK            000132-0005FF              4CE

                                  Symbol Table

?___awdiv                  cstackCOMRAM 000001
?___awmod                  cstackCOMRAM 000009
?___flmul                  cstackCOMRAM 00000F
?___fltol                  cstackCOMRAM 000028
?___xxtofl                 cstackCOMRAM 000001
?_strlen                   cstackCOMRAM 000001
__CFG_DEBUG$OFF            (abs)        000000
__CFG_LVP$OFF              (abs)        000000
__CFG_OSC$HS               (abs)        000000
__CFG_WDT$OFF              (abs)        000000
__CFG_WDTPS$1              (abs)        000000
__HRAM                     (abs)        000000
__Habs1                    abs1         000000
__Hbank0                   bank0        000000
__Hbank1                   bank1        000000
__Hbank2                   bank2        000000
__Hbank3                   bank3        000000
__Hbank4                   bank4        000000
__Hbank5                   bank5        000000
__Hbigbss                  bigbss       000000
__Hbigdata                 bigdata      000000
__Hbigram                  bigram       000000
__Hbss                     bss          000000
__Hcinit                   cinit        000000
__Hclrtext                 clrtext      000000
__Hcomram                  comram       000000
__Hconfig                  config       30000E
__Hconst                   const        000000
__HcstackBANK0             cstackBANK0  000000
__HcstackCOMRAM            cstackCOMRAM 000000
__Hdata                    data         000000
__HdataBANK1               dataBANK1    000000
__HdataCOMRAM              dataCOMRAM   000000
__Heeprom_data             eeprom_data  000000
__Hfarbss                  farbss       000000
__Hfardata                 fardata      000000
__Hibigdata                ibigdata     000000
__Hidata                   idata        000000
__HidataBANK1              idataBANK1   000000
__HidataCOMRAM             idataCOMRAM  000000
__Hidloc                   idloc        200008
__Hifardata                ifardata     000000
__Hinit                    init         000004
__Hintcode                 intcode      000000
__Hintcode_body            intcode_body 000000
__Hintcodelo               intcodelo    000000
__Hintentry                intentry     000000
__Hintret                  intret       000000
__Hintsave_regs            intsave_regs 000000
__Hirdata                  irdata       000000
__Hmediumconst             mediumconst  008000
__HnvFARRAM                nvFARRAM     000000
__Hnvbit                   nvbit        000000
__Hnvrram                  nvrram       000000
__Hparam                   rparam       000000
__Hpowerup                 powerup      000000
__Hram                     ram          000000
__Hramtop                  ramtop       000600
__Hrbit                    rbit         000000
__Hrbss                    rbss         000000
__Hrdata                   rdata        000000
__Hreset_vec               reset_vec    000000
__Hrparam                  rparam       000000
__Hsfr                     sfr          000000
__Hsmallconst              smallconst   000000
__Hspace_0                 (abs)        30000E
__Hspace_1                 (abs)        000132
__Hspace_2                 (abs)        000000
__Hstack                   stack        000000
__Hstruct                  struct       000000
__Htemp                    temp         000000
__Htext                    text         000000
__Htext0                   text0        000000
__Htext1                   text1        000000
__Htext10                  text10       000000
__Htext11                  text11       000000
__Htext12                  text12       000000
__Htext13                  text13       000000
__Htext14                  text14       000000
__Htext15                  text15       000000
__Htext16                  text16       000000
__Htext17                  text17       000000
__Htext18                  text18       000000
__Htext2                   text2        000000
__Htext3                   text3        000000
__Htext4                   text4        000000
__Htext5                   text5        000000
__Htext6                   text6        000000
__Htext7                   text7        000000
__Htext8                   text8        000000
__Htext9                   text9        000000
__LRAM                     (abs)        000001
__Labs1                    abs1         000000
__Lbank0                   bank0        000000
__Lbank1                   bank1        000000
__Lbank2                   bank2        000000
__Lbank3                   bank3        000000
__Lbank4                   bank4        000000
__Lbank5                   bank5        000000
__Lbigbss                  bigbss       000000
__Lbigdata                 bigdata      000000
__Lbigram                  bigram       000000
__Lbss                     bss          000000
__Lcinit                   cinit        000000
__Lclrtext                 clrtext      000000
__Lcomram                  comram       000000
__Lconfig                  config       300000
__Lconst                   const        000000
__LcstackBANK0             cstackBANK0  000000
__LcstackCOMRAM            cstackCOMRAM 000000
__Ldata                    data         000000
__LdataBANK1               dataBANK1    000000
__LdataCOMRAM              dataCOMRAM   000000
__Leeprom_data             eeprom_data  000000
__Lfarbss                  farbss       000000
__Lfardata                 fardata      000000
__Libigdata                ibigdata     000000
__Lidata                   idata        000000
__LidataBANK1              idataBANK1   000000
__LidataCOMRAM             idataCOMRAM  000000
__Lidloc                   idloc        200000
__Lifardata                ifardata     000000
__Linit                    init         000000
__Lintcode                 intcode      000000
__Lintcode_body            intcode_body 000000
__Lintcodelo               intcodelo    000000
__Lintentry                intentry     000000
__Lintret                  intret       000000
__Lintsave_regs            intsave_regs 000000
__Lirdata                  irdata       000000
__Lmediumconst             mediumconst  007E9A
__LnvFARRAM                nvFARRAM     000000
__Lnvbit                   nvbit        000000
__Lnvrram                  nvrram       000000
__Lparam                   rparam       000000
__Lpowerup                 powerup      000000
__Lram                     ram          000000
__Lramtop                  ramtop       000600
__Lrbit                    rbit         000000
__Lrbss                    rbss         000000
__Lrdata                   rdata        000000
__Lreset_vec               reset_vec    000000
__Lrparam                  rparam       000000
__Lsfr                     sfr          000000
__Lsmallconst              smallconst   000000
__Lspace_0                 (abs)        000000
__Lspace_1                 (abs)        000000
__Lspace_2                 (abs)        000000
__Lstack                   stack        000000
__Lstruct                  struct       000000
__Ltemp                    temp         000000
__Ltext                    text         000000
__Ltext0                   text0        000000
__Ltext1                   text1        000000
__Ltext10                  text10       000000
__Ltext11                  text11       000000
__Ltext12                  text12       000000
__Ltext13                  text13       000000
__Ltext14                  text14       000000
__Ltext15                  text15       000000
__Ltext16                  text16       000000
__Ltext17                  text17       000000
__Ltext18                  text18       000000
__Ltext2                   text2        000000
__Ltext3                   text3        000000
__Ltext4                   text4        000000
__Ltext5                   text5        000000
__Ltext6                   text6        000000
__Ltext7                   text7        000000
__Ltext8                   text8        000000
__Ltext9                   text9        000000
__S0                       (abs)        30000E
__S1                       (abs)        000132
__S2                       (abs)        000000
___awdiv                   text3        006E40
___awdiv@counter           cstackCOMRAM 000005
___awdiv@dividend          cstackCOMRAM 000001
___awdiv@divisor           cstackCOMRAM 000003
___awdiv@quotient          cstackCOMRAM 000007
___awdiv@sign              cstackCOMRAM 000006
___awmod                   text2        006D90
___awmod@counter           cstackCOMRAM 00000D
___awmod@dividend          cstackCOMRAM 000009
___awmod@divisor           cstackCOMRAM 00000B
___awmod@sign              cstackCOMRAM 00000E
___flmul                   text18       007A70
___flmul@a                 cstackCOMRAM 000013
___flmul@aexp              cstackCOMRAM 000020
___flmul@b                 cstackCOMRAM 00000F
___flmul@bexp              cstackCOMRAM 000021
___flmul@grs               cstackCOMRAM 00001C
___flmul@prod              cstackCOMRAM 000022
___flmul@sign              cstackCOMRAM 00001B
___flmul@temp              cstackCOMRAM 000026
___fltol                   text17       0070D2
___fltol@exp1              cstackCOMRAM 000031
___fltol@f1                cstackCOMRAM 000028
___fltol@sign1             cstackCOMRAM 000030
___inthi_sp                stack        000000
___intlo_sp                stack        000000
___param_bank              (abs)        000000
___rparam_used             (abs)        000001
___sp                      stack        000000
___xxtofl                  text16       0071D8
___xxtofl@arg              cstackCOMRAM 00000B
___xxtofl@exp              cstackCOMRAM 00000A
___xxtofl@sign             cstackCOMRAM 000009
___xxtofl@val              cstackCOMRAM 000001
__accesstop                (abs)        000080
__activetblptr             (abs)        000002
__end_of___awdiv           text3        006F04
__end_of___awmod           text2        006E40
__end_of___flmul           text18       007E9A
__end_of___fltol           text17       0071D8
__end_of___xxtofl          text16       00738C
__end_of__initialization   cinit        006BF2
__end_of_atraso_ms         text15       006D18
__end_of_lcd_cmd           text13       006B20
__end_of_lcd_dat           text11       006B4A
__end_of_lcd_init          text12       006C58
__end_of_lcd_str           text10       006D90
__end_of_lcd_wr            text14       006AB6
__end_of_linha             mediumconst  007EB1
__end_of_main              text0        007A70
__end_of_opcaoDesejada     text8        006FE0
__end_of_scrollDisplay     text7        0070D2
__end_of_strcat            text4        006AF6
__end_of_strcpy            text6        006CB4
__end_of_strlen            text5        006BB2
__end_of_tc_tecla          text9        007556
__end_of_tempoPreparo      text1        007778
__end_oftempoPreparo@leds  mediumconst  007EAD
__end_oftempoPreparo@valor mediumconst  007EA5
__initialization           cinit        006BB2
__mediumconst              mediumconst  007E9A
__pcinit                   cinit        006BB2
__pcstackBANK0             cstackBANK0  000080
__pcstackCOMRAM            cstackCOMRAM 000001
__pdataBANK1               dataBANK1    000100
__pdataCOMRAM              dataCOMRAM   000036
__pidataBANK1              idataBANK1   006B4A
__pidataCOMRAM             idataCOMRAM  006AB6
__pmediumconst             mediumconst  007E9A
__ptext0                   text0        007778
__ptext1                   text1        007556
__ptext10                  text10       006D18
__ptext11                  text11       006B20
__ptext12                  text12       006BFC
__ptext13                  text13       006AF6
__ptext14                  text14       006AAE
__ptext15                  text15       006CB4
__ptext16                  text16       0071D8
__ptext17                  text17       0070D2
__ptext18                  text18       007A70
__ptext2                   text2        006D90
__ptext3                   text3        006E40
__ptext4                   text4        006AD0
__ptext5                   text5        006B7C
__ptext6                   text6        006C58
__ptext7                   text7        006FE0
__ptext8                   text8        006F04
__ptext9                   text9        00738C
__ramtop                   ramtop       000600
__size_of___awdiv          (abs)        000000
__size_of___awmod          (abs)        000000
__size_of___flmul          (abs)        000000
__size_of___fltol          (abs)        000000
__size_of___xxtofl         (abs)        000000
__size_of_atraso_ms        (abs)        000000
__size_of_lcd_cmd          (abs)        000000
__size_of_lcd_dat          (abs)        000000
__size_of_lcd_init         (abs)        000000
__size_of_lcd_str          (abs)        000000
__size_of_lcd_wr           (abs)        000000
__size_of_main             (abs)        000000
__size_of_opcaoDesejada    (abs)        000000
__size_of_scrollDisplay    (abs)        000000
__size_of_strcat           (abs)        000000
__size_of_strcpy           (abs)        000000
__size_of_strlen           (abs)        000000
__size_of_tc_tecla         (abs)        000000
__size_of_tempoPreparo     (abs)        000000
__smallconst               smallconst   000000
_atraso                    dataCOMRAM   00004C
_atrasoMax                 dataCOMRAM   000046
_atrasoMed                 dataCOMRAM   000048
_atrasoMin                 dataCOMRAM   00004A
_atraso_min                dataCOMRAM   00004E
_atraso_ms                 text15       006CB4
_lcd_cmd                   text13       006AF6
_lcd_dat                   text11       006B20
_lcd_init                  text12       006BFC
_lcd_str                   text10       006D18
_lcd_wr                    text14       006AAE
_linha                     mediumconst  007EAD
_main                      text0        007778
_opcaoDesejada             text8        006F04
_scrollDisplay             text7        006FE0
_strcat                    text4        006AD0
_strcpy                    text6        006C58
_strlen                    text5        006B7C
_tc_tecla                  text9        00738C
_tempoPreparo              text1        007556
atraso_ms@i                cstackCOMRAM 000003
atraso_ms@j                cstackCOMRAM 000005
atraso_ms@k                cstackCOMRAM 000006
atraso_ms@t                cstackCOMRAM 000001
end_of_initialization      cinit        006BF2
intlevel0                  text         000000
intlevel1                  text         000000
intlevel2                  text         000000
intlevel3                  text         000000
lcd_cmd@val                cstackCOMRAM 000007
lcd_dat@val                cstackCOMRAM 000007
lcd_str@i                  cstackCOMRAM 00000C
lcd_str@str                cstackCOMRAM 000008
lcd_wr@val                 cstackCOMRAM 000001
main@F196                  dataBANK1    000100
main@F200                  dataCOMRAM   000036
main@cafe                  cstackBANK0  0000F5
main@cafes                 cstackBANK0  000080
main@corfirmar             cstackBANK0  0000F4
main@frase                 cstackBANK0  0000C2
main@tamanho               cstackBANK0  0000F6
main@tamanhos              cstackBANK0  0000B2
main@tempo                 cstackBANK0  0000F7
opcaoDesejada@menu         cstackCOMRAM 00000E
opcaoDesejada@tmp          cstackCOMRAM 00000F
scrollDisplay@i            cstackCOMRAM 000011
scrollDisplay@linha1       cstackCOMRAM 00000D
scrollDisplay@linha2       cstackCOMRAM 00000F
stackhi                    (abs)        0005FF
stacklo                    (abs)        000132
start                      init         000000
start_initialization       cinit        006BB2
strcat@dest                cstackCOMRAM 00000F
strcat@src                 cstackCOMRAM 000011
strcpy@d                   cstackCOMRAM 00000D
strcpy@dest                cstackCOMRAM 000005
strcpy@s                   cstackCOMRAM 00000B
strcpy@src                 cstackCOMRAM 000007
strlen@a                   cstackCOMRAM 000003
strlen@s                   cstackCOMRAM 000001
tc_tecla@i                 cstackCOMRAM 00000D
tc_tecla@ret               cstackCOMRAM 00000C
tc_tecla@timeout           cstackCOMRAM 000007
tc_tecla@tmp               cstackCOMRAM 00000B
tc_tecla@to                cstackCOMRAM 000009
tempoPreparo@aux           cstackCOMRAM 000013
tempoPreparo@delay         cstackCOMRAM 000014
tempoPreparo@i             cstackCOMRAM 000011
tempoPreparo@k             cstackCOMRAM 000016
tempoPreparo@leds          mediumconst  007EA5
tempoPreparo@segundos      cstackCOMRAM 00000F
tempoPreparo@valor         mediumconst  007E9B


FUNCTION INFORMATION:

 *************** function _main *****************
 Defined at:
		line 9 in file "main.c"
 Parameters:    Size  Location     Type
		None
 Auto vars:     Size  Location     Type
  frase          50   66[BANK0 ] unsigned char [50]
  cafes          50    0[BANK0 ] unsigned char [10][5]
  tamanhos       16   50[BANK0 ] unsigned char [8][2]
  tempo           1  119[BANK0 ] unsigned char 
  tamanho         1  118[BANK0 ] unsigned char 
  cafe            1  117[BANK0 ] unsigned char 
  corfirmar       1  116[BANK0 ] unsigned char 
  i               1    0        unsigned char 
 Return value:  Size  Location     Type
                  1    wreg      void 
 Registers used:
		wreg, fsr0l, fsr0h, fsr1l, fsr1h, fsr2l, fsr2h, status,2, status,0, tblptrl, tblptrh, tblptru, prodl, prodh, cstack
 Tracked objects:
		On entry : 
		On exit  : 
		Unchanged: 
 Data sizes:     COMRAM   BANK0   BANK1   BANK2   BANK3   BANK4   BANK5
      Params:         0       0       0       0       0       0       0
      Locals:         0     120       0       0       0       0       0
      Temps:          4       0       0       0       0       0       0
      Totals:         4     120       0       0       0       0       0
Total ram usage:      124 bytes
 Hardware stack levels required when called:    4
 This function calls:
		___flmul
		___fltol
		___xxtofl
		_atraso_ms
		_lcd_cmd
		_lcd_init
		_lcd_str
		_opcaoDesejada
		_scrollDisplay
		_strcat
		_strcpy
		_tempoPreparo
 This function is called by:
		Startup code after reset
 This function uses a non-reentrant model


 *************** function _tempoPreparo *****************
 Defined at:
		line 81 in file "yourcoffe.c"
 Parameters:    Size  Location     Type
  segundos        2   14[COMRAM] int 
 Auto vars:     Size  Location     Type
  k               2   21[COMRAM] unsigned int 
  delay           2   19[COMRAM] unsigned int 
  i               2   16[COMRAM] unsigned int 
  aux             1   18[COMRAM] unsigned char 
 Return value:  Size  Location     Type
                  1    wreg      void 
 Registers used:
		wreg, status,2, status,0, tblptrl, tblptrh, tblptru, cstack
 Tracked objects:
		On entry : 
		On exit  : 
		Unchanged: 
 Data sizes:     COMRAM   BANK0   BANK1   BANK2   BANK3   BANK4   BANK5
      Params:         2       0       0       0       0       0       0
      Locals:         7       0       0       0       0       0       0
      Temps:          0       0       0       0       0       0       0
      Totals:         9       0       0       0       0       0       0
Total ram usage:        9 bytes
 Hardware stack levels used:    1
 Hardware stack levels required when called:    1
 This function calls:
		___awdiv
		___awmod
 This function is called by:
		_main
 This function uses a non-reentrant model


 *************** function ___awmod *****************
 Defined at:
		line 7 in file "C:\Program Files (x86)\Microchip\xc8\v2.10\pic\sources\c99\common\awmod.c"
 Parameters:    Size  Location     Type
  dividend        2    8[COMRAM] int 
  divisor         2   10[COMRAM] int 
 Auto vars:     Size  Location     Type
  sign            1   13[COMRAM] unsigned char 
  counter         1   12[COMRAM] unsigned char 
 Return value:  Size  Location     Type
                  2    8[COMRAM] int 
 Registers used:
		wreg, status,2, status,0
 Tracked objects:
		On entry : 
		On exit  : 
		Unchanged: 
 Data sizes:     COMRAM   BANK0   BANK1   BANK2   BANK3   BANK4   BANK5
      Params:         4       0       0       0       0       0       0
      Locals:         2       0       0       0       0       0       0
      Temps:          0       0       0       0       0       0       0
      Totals:         6       0       0       0       0       0       0
Total ram usage:        6 bytes
 Hardware stack levels used:    1
 This function calls:
		Nothing
 This function is called by:
		_tempoPreparo
 This function uses a non-reentrant model


 *************** function ___awdiv *****************
 Defined at:
		line 7 in file "C:\Program Files (x86)\Microchip\xc8\v2.10\pic\sources\c99\common\awdiv.c"
 Parameters:    Size  Location     Type
  dividend        2    0[COMRAM] int 
  divisor         2    2[COMRAM] int 
 Auto vars:     Size  Location     Type
  quotient        2    6[COMRAM] int 
  sign            1    5[COMRAM] unsigned char 
  counter         1    4[COMRAM] unsigned char 
 Return value:  Size  Location     Type
                  2    0[COMRAM] int 
 Registers used:
		wreg, status,2, status,0
 Tracked objects:
		On entry : 
		On exit  : 
		Unchanged: 
 Data sizes:     COMRAM   BANK0   BANK1   BANK2   BANK3   BANK4   BANK5
      Params:         4       0       0       0       0       0       0
      Locals:         4       0       0       0       0       0       0
      Temps:          0       0       0       0       0       0       0
      Totals:         8       0       0       0       0       0       0
Total ram usage:        8 bytes
 Hardware stack levels used:    1
 This function calls:
		Nothing
 This function is called by:
		_tempoPreparo
 This function uses a non-reentrant model


 *************** function _strcat *****************
 Defined at:
		line 3 in file "C:\Program Files (x86)\Microchip\xc8\v2.10\pic\sources\c99\common\strcat.c"
 Parameters:    Size  Location     Type
  dest            2   14[COMRAM] PTR unsigned char 
		 -> main@frase(50), 
  src             2   16[COMRAM] PTR const unsigned char 
		 -> STR_10(2), main@tamanhos(16), 
 Auto vars:     Size  Location     Type
		None
 Return value:  Size  Location     Type
                  2   14[COMRAM] PTR unsigned char 
 Registers used:
		wreg, fsr0l, fsr0h, fsr2l, fsr2h, status,2, status,0, tblptrl, tblptrh, tblptru, cstack
 Tracked objects:
		On entry : 
		On exit  : 
		Unchanged: 
 Data sizes:     COMRAM   BANK0   BANK1   BANK2   BANK3   BANK4   BANK5
      Params:         4       0       0       0       0       0       0
      Locals:         0       0       0       0       0       0       0
      Temps:          0       0       0       0       0       0       0
      Totals:         4       0       0       0       0       0       0
Total ram usage:        4 bytes
 Hardware stack levels used:    1
 Hardware stack levels required when called:    1
 This function calls:
		_strcpy
		_strlen
 This function is called by:
		_main
 This function uses a non-reentrant model


 *************** function _strlen *****************
 Defined at:
		line 5 in file "C:\Program Files (x86)\Microchip\xc8\v2.10\pic\sources\c99\common\strlen.c"
 Parameters:    Size  Location     Type
  s               2    0[COMRAM] PTR const unsigned char 
		 -> main@frase(50), 
 Auto vars:     Size  Location     Type
  a               2    2[COMRAM] PTR const unsigned char 
		 -> main@frase(50), 
 Return value:  Size  Location     Type
                  2    0[COMRAM] unsigned int 
 Registers used:
		wreg, fsr2l, fsr2h, status,2, status,0
 Tracked objects:
		On entry : 
		On exit  : 
		Unchanged: 
 Data sizes:     COMRAM   BANK0   BANK1   BANK2   BANK3   BANK4   BANK5
      Params:         2       0       0       0       0       0       0
      Locals:         2       0       0       0       0       0       0
      Temps:          0       0       0       0       0       0       0
      Totals:         4       0       0       0       0       0       0
Total ram usage:        4 bytes
 Hardware stack levels used:    1
 This function calls:
		Nothing
 This function is called by:
		_strcat
 This function uses a non-reentrant model


 *************** function _strcpy *****************
 Defined at:
		line 3 in file "C:\Program Files (x86)\Microchip\xc8\v2.10\pic\sources\c99\common\strcpy.c"
 Parameters:    Size  Location     Type
  dest            2    4[COMRAM] PTR unsigned char 
		 -> main@frase(50), 
  src             2    6[COMRAM] PTR const unsigned char 
		 -> STR_10(2), STR_8(17), STR_7(21), STR_6(21), 
		 -> STR_5(20), main@tamanhos(16), main@cafes(50), 
 Auto vars:     Size  Location     Type
  d               2   12[COMRAM] PTR unsigned char 
		 -> main@frase(50), 
  s               2   10[COMRAM] PTR const unsigned char 
		 -> STR_10(2), STR_8(17), STR_7(21), STR_6(21), 
		 -> STR_5(20), main@tamanhos(16), main@cafes(50), 
 Return value:  Size  Location     Type
                  2    4[COMRAM] PTR unsigned char 
 Registers used:
		wreg, fsr0l, fsr0h, fsr2l, fsr2h, status,2, status,0, tblptrl, tblptrh, tblptru
 Tracked objects:
		On entry : 
		On exit  : 
		Unchanged: 
 Data sizes:     COMRAM   BANK0   BANK1   BANK2   BANK3   BANK4   BANK5
      Params:         4       0       0       0       0       0       0
      Locals:         4       0       0       0       0       0       0
      Temps:          2       0       0       0       0       0       0
      Totals:        10       0       0       0       0       0       0
Total ram usage:       10 bytes
 Hardware stack levels used:    1
 This function calls:
		Nothing
 This function is called by:
		_main
		_strcat
 This function uses a non-reentrant model


 *************** function _scrollDisplay *****************
 Defined at:
		line 48 in file "yourcoffe.c"
 Parameters:    Size  Location     Type
  linha1          2   12[COMRAM] PTR unsigned char 
		 -> STR_14(21), main@frase(50), STR_3(28), 
  linha2          2   14[COMRAM] PTR unsigned char 
		 -> STR_15(32), STR_9(31), STR_4(31), 
 Auto vars:     Size  Location     Type
  i               2   16[COMRAM] int 
 Return value:  Size  Location     Type
                  1    wreg      void 
 Registers used:
		wreg, fsr0l, fsr0h, status,2, status,0, tblptrl, tblptrh, tblptru, cstack
 Tracked objects:
		On entry : 
		On exit  : 
		Unchanged: 
 Data sizes:     COMRAM   BANK0   BANK1   BANK2   BANK3   BANK4   BANK5
      Params:         4       0       0       0       0       0       0
      Locals:         2       0       0       0       0       0       0
      Temps:          0       0       0       0       0       0       0
      Totals:         6       0       0       0       0       0       0
Total ram usage:        6 bytes
 Hardware stack levels used:    1
 Hardware stack levels required when called:    3
 This function calls:
		_atraso_ms
		_lcd_cmd
		_lcd_str
 This function is called by:
		_main
 This function uses a non-reentrant model


 *************** function _opcaoDesejada *****************
 Defined at:
		line 13 in file "yourcoffe.c"
 Parameters:    Size  Location     Type
  menu            1    wreg     unsigned char 
 Auto vars:     Size  Location     Type
  menu            1   13[COMRAM] unsigned char 
  tmp             1   14[COMRAM] unsigned char 
 Return value:  Size  Location     Type
                  1    wreg      unsigned char 
 Registers used:
		wreg, fsr0l, fsr0h, status,2, status,0, tblptrl, tblptrh, tblptru, cstack
 Tracked objects:
		On entry : 
		On exit  : 
		Unchanged: 
 Data sizes:     COMRAM   BANK0   BANK1   BANK2   BANK3   BANK4   BANK5
      Params:         0       0       0       0       0       0       0
      Locals:         2       0       0       0       0       0       0
      Temps:          0       0       0       0       0       0       0
      Totals:         2       0       0       0       0       0       0
Total ram usage:        2 bytes
 Hardware stack levels used:    1
 Hardware stack levels required when called:    3
 This function calls:
		_lcd_cmd
		_lcd_str
		_tc_tecla
 This function is called by:
		_main
 This function uses a non-reentrant model


 *************** function _tc_tecla *****************
 Defined at:
		line 14 in file "teclado.c"
 Parameters:    Size  Location     Type
  timeout         2    6[COMRAM] unsigned int 
 Auto vars:     Size  Location     Type
  to              2    8[COMRAM] unsigned int 
  i               1   12[COMRAM] unsigned char 
  ret             1   11[COMRAM] unsigned char 
  tmp             1   10[COMRAM] unsigned char 
 Return value:  Size  Location     Type
                  1    wreg      unsigned char 
 Registers used:
		wreg, status,2, status,0, tblptrl, tblptrh, tblptru, cstack
 Tracked objects:
		On entry : 
		On exit  : 
		Unchanged: 
 Data sizes:     COMRAM   BANK0   BANK1   BANK2   BANK3   BANK4   BANK5
      Params:         2       0       0       0       0       0       0
      Locals:         5       0       0       0       0       0       0
      Temps:          0       0       0       0       0       0       0
      Totals:         7       0       0       0       0       0       0
Total ram usage:        7 bytes
 Hardware stack levels used:    1
 Hardware stack levels required when called:    1
 This function calls:
		_atraso_ms
 This function is called by:
		_opcaoDesejada
 This function uses a non-reentrant model


 *************** function _lcd_str *****************
 Defined at:
		line 47 in file "lcd.c"
 Parameters:    Size  Location     Type
  str             2    7[COMRAM] PTR const unsigned char 
		 -> STR_17(17), STR_16(14), STR_15(32), STR_14(21), 
		 -> STR_13(18), STR_12(14), STR_11(17), STR_9(31), 
		 -> main@frase(50), STR_4(31), STR_3(28), STR_2(17), 
		 -> STR_1(14), 
 Auto vars:     Size  Location     Type
  i               1   11[COMRAM] unsigned char 
 Return value:  Size  Location     Type
                  1    wreg      void 
 Registers used:
		wreg, fsr0l, fsr0h, status,2, status,0, tblptrl, tblptrh, tblptru, cstack
 Tracked objects:
		On entry : 
		On exit  : 
		Unchanged: 
 Data sizes:     COMRAM   BANK0   BANK1   BANK2   BANK3   BANK4   BANK5
      Params:         2       0       0       0       0       0       0
      Locals:         1       0       0       0       0       0       0
      Temps:          2       0       0       0       0       0       0
      Totals:         5       0       0       0       0       0       0
Total ram usage:        5 bytes
 Hardware stack levels used:    1
 Hardware stack levels required when called:    2
 This function calls:
		_lcd_dat
 This function is called by:
		_main
		_opcaoDesejada
		_scrollDisplay
 This function uses a non-reentrant model


 *************** function _lcd_dat *****************
 Defined at:
		line 19 in file "lcd.c"
 Parameters:    Size  Location     Type
  val             1    wreg     unsigned char 
 Auto vars:     Size  Location     Type
  val             1    6[COMRAM] unsigned char 
 Return value:  Size  Location     Type
                  1    wreg      void 
 Registers used:
		wreg, status,2, status,0, cstack
 Tracked objects:
		On entry : 
		On exit  : 
		Unchanged: 
 Data sizes:     COMRAM   BANK0   BANK1   BANK2   BANK3   BANK4   BANK5
      Params:         0       0       0       0       0       0       0
      Locals:         1       0       0       0       0       0       0
      Temps:          0       0       0       0       0       0       0
      Totals:         1       0       0       0       0       0       0
Total ram usage:        1 bytes
 Hardware stack levels used:    1
 Hardware stack levels required when called:    1
 This function calls:
		_atraso_ms
		_lcd_wr
 This function is called by:
		_lcd_str
 This function uses a non-reentrant model


 *************** function _lcd_init *****************
 Defined at:
		line 29 in file "lcd.c"
 Parameters:    Size  Location     Type
		None
 Auto vars:     Size  Location     Type
		None
 Return value:  Size  Location     Type
                  1    wreg      void 
 Registers used:
		wreg, status,2, status,0, cstack
 Tracked objects:
		On entry : 
		On exit  : 
		Unchanged: 
 Data sizes:     COMRAM   BANK0   BANK1   BANK2   BANK3   BANK4   BANK5
      Params:         0       0       0       0       0       0       0
      Locals:         0       0       0       0       0       0       0
      Temps:          0       0       0       0       0       0       0
      Totals:         0       0       0       0       0       0       0
Total ram usage:        0 bytes
 Hardware stack levels used:    1
 Hardware stack levels required when called:    2
 This function calls:
		_atraso_ms
		_lcd_cmd
 This function is called by:
		_main
 This function uses a non-reentrant model


 *************** function _lcd_cmd *****************
 Defined at:
		line 9 in file "lcd.c"
 Parameters:    Size  Location     Type
  val             1    wreg     unsigned char 
 Auto vars:     Size  Location     Type
  val             1    6[COMRAM] unsigned char 
 Return value:  Size  Location     Type
                  1    wreg      void 
 Registers used:
		wreg, status,2, status,0, cstack
 Tracked objects:
		On entry : 
		On exit  : 
		Unchanged: 
 Data sizes:     COMRAM   BANK0   BANK1   BANK2   BANK3   BANK4   BANK5
      Params:         0       0       0       0       0       0       0
      Locals:         1       0       0       0       0       0       0
      Temps:          0       0       0       0       0       0       0
      Totals:         1       0       0       0       0       0       0
Total ram usage:        1 bytes
 Hardware stack levels used:    1
 Hardware stack levels required when called:    1
 This function calls:
		_atraso_ms
		_lcd_wr
 This function is called by:
		_lcd_init
		_main
		_opcaoDesejada
		_scrollDisplay
 This function uses a non-reentrant model


 *************** function _lcd_wr *****************
 Defined at:
		line 5 in file "lcd.c"
 Parameters:    Size  Location     Type
  val             1    wreg     unsigned char 
 Auto vars:     Size  Location     Type
  val             1    0[COMRAM] unsigned char 
 Return value:  Size  Location     Type
                  1    wreg      void 
 Registers used:
		wreg
 Tracked objects:
		On entry : 
		On exit  : 
		Unchanged: 
 Data sizes:     COMRAM   BANK0   BANK1   BANK2   BANK3   BANK4   BANK5
      Params:         0       0       0       0       0       0       0
      Locals:         1       0       0       0       0       0       0
      Temps:          0       0       0       0       0       0       0
      Totals:         1       0       0       0       0       0       0
Total ram usage:        1 bytes
 Hardware stack levels used:    1
 This function calls:
		Nothing
 This function is called by:
		_lcd_cmd
		_lcd_dat
 This function uses a non-reentrant model


 *************** function _atraso_ms *****************
 Defined at:
		line 3 in file "delay.c"
 Parameters:    Size  Location     Type
  t               2    0[COMRAM] int 
 Auto vars:     Size  Location     Type
  i               2    2[COMRAM] volatile unsigned int 
  k               1    5[COMRAM] volatile unsigned char 
  j               1    4[COMRAM] volatile unsigned char 
 Return value:  Size  Location     Type
                  1    wreg      void 
 Registers used:
		wreg, status,2, status,0
 Tracked objects:
		On entry : 
		On exit  : 
		Unchanged: 
 Data sizes:     COMRAM   BANK0   BANK1   BANK2   BANK3   BANK4   BANK5
      Params:         2       0       0       0       0       0       0
      Locals:         4       0       0       0       0       0       0
      Temps:          0       0       0       0       0       0       0
      Totals:         6       0       0       0       0       0       0
Total ram usage:        6 bytes
 Hardware stack levels used:    1
 This function calls:
		Nothing
 This function is called by:
		_lcd_cmd
		_lcd_dat
		_lcd_init
		_tc_tecla
		_main
		_scrollDisplay
 This function uses a non-reentrant model


 *************** function ___xxtofl *****************
 Defined at:
		line 10 in file "C:\Program Files (x86)\Microchip\xc8\v2.10\pic\sources\c99\common\xxtofl.c"
 Parameters:    Size  Location     Type
  sign            1    wreg     unsigned char 
  val             4    0[COMRAM] long 
 Auto vars:     Size  Location     Type
  sign            1    8[COMRAM] unsigned char 
  arg             4   10[COMRAM] unsigned long 
  exp             1    9[COMRAM] unsigned char 
 Return value:  Size  Location     Type
                  4    0[COMRAM] unsigned char 
 Registers used:
		wreg, status,2, status,0
 Tracked objects:
		On entry : 
		On exit  : 
		Unchanged: 
 Data sizes:     COMRAM   BANK0   BANK1   BANK2   BANK3   BANK4   BANK5
      Params:         4       0       0       0       0       0       0
      Locals:         6       0       0       0       0       0       0
      Temps:          4       0       0       0       0       0       0
      Totals:        14       0       0       0       0       0       0
Total ram usage:       14 bytes
 Hardware stack levels used:    1
 This function calls:
		Nothing
 This function is called by:
		_main
 This function uses a non-reentrant model


 *************** function ___fltol *****************
 Defined at:
		line 43 in file "C:\Program Files (x86)\Microchip\xc8\v2.10\pic\sources\c99\common\fltol.c"
 Parameters:    Size  Location     Type
  f1              4   39[COMRAM] unsigned char 
 Auto vars:     Size  Location     Type
  exp1            1   48[COMRAM] unsigned char 
  sign1           1   47[COMRAM] unsigned char 
 Return value:  Size  Location     Type
                  4   39[COMRAM] long 
 Registers used:
		wreg, status,2, status,0
 Tracked objects:
		On entry : 
		On exit  : 
		Unchanged: 
 Data sizes:     COMRAM   BANK0   BANK1   BANK2   BANK3   BANK4   BANK5
      Params:         4       0       0       0       0       0       0
      Locals:         2       0       0       0       0       0       0
      Temps:          4       0       0       0       0       0       0
      Totals:        10       0       0       0       0       0       0
Total ram usage:       10 bytes
 Hardware stack levels used:    1
 This function calls:
		Nothing
 This function is called by:
		_main
 This function uses a non-reentrant model


 *************** function ___flmul *****************
 Defined at:
		line 8 in file "C:\Program Files (x86)\Microchip\xc8\v2.10\pic\sources\c99\common\sprcmul.c"
 Parameters:    Size  Location     Type
  b               4   14[COMRAM] long 
  a               4   18[COMRAM] long 
 Auto vars:     Size  Location     Type
  prod            4   33[COMRAM] struct .
  grs             4   27[COMRAM] unsigned long 
  temp            2   37[COMRAM] struct .
  bexp            1   32[COMRAM] unsigned char 
  aexp            1   31[COMRAM] unsigned char 
  sign            1   26[COMRAM] unsigned char 
 Return value:  Size  Location     Type
                  4   14[COMRAM] unsigned char 
 Registers used:
		wreg, status,2, status,0, prodl, prodh
 Tracked objects:
		On entry : 
		On exit  : 
		Unchanged: 
 Data sizes:     COMRAM   BANK0   BANK1   BANK2   BANK3   BANK4   BANK5
      Params:         8       0       0       0       0       0       0
      Locals:        13       0       0       0       0       0       0
      Temps:          4       0       0       0       0       0       0
      Totals:        25       0       0       0       0       0       0
Total ram usage:       25 bytes
 Hardware stack levels used:    1
 This function calls:
		Nothing
 This function is called by:
		_main
 This function uses a non-reentrant model



MODULE INFORMATION

Module		Function		Class		Link	Load	Size
delay.c
		_atraso_ms     		CODE           	6CB4	0000	101

delay.c estimated size: 101

C:\Program Files (x86)\Microchip\xc8\v2.10\pic\sources\c99\common\strcat.c
		_strcat        		CODE           	6AD0	0000	39

C:\Program Files (x86)\Microchip\xc8\v2.10\pic\sources\c99\common\strcat.c estimated size: 39

C:\Program Files (x86)\Microchip\xc8\v2.10\pic\sources\c99\common\xxtofl.c
		___xxtofl      		CODE           	71D8	0000	437

C:\Program Files (x86)\Microchip\xc8\v2.10\pic\sources\c99\common\xxtofl.c estimated size: 437

C:\Program Files (x86)\Microchip\xc8\v2.10\pic\sources\c99\common\awdiv.c
		___awdiv       		CODE           	6E40	0000	197

C:\Program Files (x86)\Microchip\xc8\v2.10\pic\sources\c99\common\awdiv.c estimated size: 197

C:\Program Files (x86)\Microchip\xc8\v2.10\pic\sources\c99\common\strlen.c
		_strlen        		CODE           	6B7C	0000	55

C:\Program Files (x86)\Microchip\xc8\v2.10\pic\sources\c99\common\strlen.c estimated size: 55

C:\Program Files (x86)\Microchip\xc8\v2.10\pic\sources\c99\common\fltol.c
		___fltol       		CODE           	70D2	0000	263

C:\Program Files (x86)\Microchip\xc8\v2.10\pic\sources\c99\common\fltol.c estimated size: 263

teclado.c
		_tc_tecla      		CODE           	738C	0000	459

teclado.c estimated size: 459

C:\Program Files (x86)\Microchip\xc8\v2.10\pic\sources\c99\common\strcpy.c
		_strcpy        		CODE           	6C58	0000	93

C:\Program Files (x86)\Microchip\xc8\v2.10\pic\sources\c99\common\strcpy.c estimated size: 93

C:\Program Files (x86)\Microchip\xc8\v2.10\pic\sources\c99\common\sprcmul.c
		___flmul       		CODE           	7A70	0000	1067

C:\Program Files (x86)\Microchip\xc8\v2.10\pic\sources\c99\common\sprcmul.c estimated size: 1067

yourcoffe.c
		_opcaoDesejada 		CODE           	6F04	0000	221
		_scrollDisplay 		CODE           	6FE0	0000	243
		_tempoPreparo  		CODE           	7556	0000	547

yourcoffe.c estimated size: 1011

shared
		__initialization		CODE           	6BB2	0000	65
		tempoPreparo@leds		MEDIUMCONST    	7EA5	0000	9
		tempoPreparo@valor		MEDIUMCONST    	7E9B	0000	11
		_linha         		MEDIUMCONST    	7EAD	0000	5

shared estimated size: 90

lcd.c
		_lcd_cmd       		CODE           	6AF6	0000	43
		_lcd_dat       		CODE           	6B20	0000	43
		_lcd_wr        		CODE           	6AAE	0000	9
		_lcd_str       		CODE           	6D18	0000	121
		_lcd_init      		CODE           	6BFC	0000	93

lcd.c estimated size: 309

C:\Program Files (x86)\Microchip\xc8\v2.10\pic\sources\c99\common\awmod.c
		___awmod       		CODE           	6D90	0000	177

C:\Program Files (x86)\Microchip\xc8\v2.10\pic\sources\c99\common\awmod.c estimated size: 177

main.c
		_main          		CODE           	7778	0000	761

main.c estimated size: 761

